// Jest Snapshot v1, https://goo.gl/fbAQLP

exports[`TextHighlight.vue should show TextHighlight 1`] = `<span class="text-highlight"></span>`;
